#-----------------------------------------------------------
# Vivado v2024.1 (64-bit)
# SW Build 5076996 on Wed May 22 18:37:14 MDT 2024
# IP Build 5075265 on Wed May 22 21:45:21 MDT 2024
# SharedData Build 5076995 on Wed May 22 18:29:18 MDT 2024
# Start of session at: Mon Oct  7 15:09:03 2024
# Process ID: 10224
# Current directory: C:/Users/ThinkPad/Desktop/skill-test-prep/perp_3
# Command line: vivado.exe -gui_launcher_event rodinguilauncherevent14568 C:\Users\ThinkPad\Desktop\skill-test-prep\perp_3\perp_3.xpr
# Log file: C:/Users/ThinkPad/Desktop/skill-test-prep/perp_3/vivado.log
# Journal file: C:/Users/ThinkPad/Desktop/skill-test-prep/perp_3\vivado.jou
# Running On        :Boom
# Platform          :Windows Server 2016 or Windows 10
# Operating System  :22631
# Processor Detail  :AMD Ryzen 5 PRO 4650U with Radeon Graphics
# CPU Frequency     :2096 MHz
# CPU Physical cores:6
# CPU Logical cores :12
# Host memory       :16349 MB
# Swap memory       :6174 MB
# Total Virtual     :22523 MB
# Available Virtual :12057 MB
#-----------------------------------------------------------
start_gui
open_project C:/Users/ThinkPad/Desktop/skill-test-prep/perp_3/perp_3.xpr
update_compile_order -fileset sources_1
launch_runs impl_1 -to_step write_bitstream -jobs 6
wait_on_run impl_1
